[2026-10-02 15:27:31] [utils] [WARNING] Operations file not found, returning empty list: data/nonexistent_file.json
[2026-10-02 15:27:31] [utils] [ERROR] Failed to load operations from C:\Users\Asus\AppData\Local\Temp\pytest-of-Asus\pytest-3\test_load_operations_invalid_j0\bad.json: Expecting property name enclosed in double quotes: line 1 column 3 (char 2)
Traceback (most recent call last):
  File "C:\Users\Asus\PyCharmMiscProject\bank-widget-clean\src\utils\utils.py", line 45, in load_operations
    data = json.load(f)
           ^^^^^^^^^^^^
  File "C:\Users\Asus\AppData\Local\Programs\Python\Python312\Lib\json\__init__.py", line 293, in load
    return loads(fp.read(),
           ^^^^^^^^^^^^^^^^
  File "C:\Users\Asus\AppData\Local\Programs\Python\Python312\Lib\json\__init__.py", line 346, in loads
    return _default_decoder.decode(s)
           ^^^^^^^^^^^^^^^^^^^^^^^^^^
  File "C:\Users\Asus\AppData\Local\Programs\Python\Python312\Lib\json\decoder.py", line 338, in decode
    obj, end = self.raw_decode(s, idx=_w(s, 0).end())
               ^^^^^^^^^^^^^^^^^^^^^^^^^^^^^^^^^^^^^^
  File "C:\Users\Asus\AppData\Local\Programs\Python\Python312\Lib\json\decoder.py", line 354, in raw_decode
    obj, end = self.scan_once(s, idx)
               ^^^^^^^^^^^^^^^^^^^^^^
json.decoder.JSONDecodeError: Expecting property name enclosed in double quotes: line 1 column 3 (char 2)
[2026-10-02 15:27:31] [utils] [WARNING] Operations file does not contain a list, returning empty list: C:\Users\Asus\AppData\Local\Temp\pytest-of-Asus\pytest-3\test_load_operations_not_list0\not_list.json
